[ DISK 01 / TRACK 01]
	FILE       = Side 1.flac
	INDEX 00   = 00:00:00
	INDEX 01   = 00:00:00
	TITLE      = 1.1 Bat Out Of Hell
	ALBUM      = Bat Out Of Hell
	PERFORMER  = Meat Loaf
	DATE       = 1977
	DISKID     = 
	TRACKNUM   = 1
	TRACKCOUNT = 7
	DISKNUM    = 1
	DISKCOUNT  = 1

[ DISK 01 / TRACK 02]
	FILE       = Side 1.flac
	INDEX 00   = 00:00:00
	INDEX 01   = 09:52:00
	TITLE      = 1.2 You Took The Words Right Out Of My Mouth (Hot Summer Night)
	ALBUM      = Bat Out Of Hell
	PERFORMER  = Meat Loaf
	DATE       = 1977
	DISKID     = 
	TRACKNUM   = 2
	TRACKCOUNT = 7
	DISKNUM    = 1
	DISKCOUNT  = 1


[ DISK 01 / TRACK 03]
	FILE       = Side 1.flac
	INDEX 00   = 00:00:00
	INDEX 01   = 14:57:00
	TITLE      = 1.3 Heaven Can Wait
	ALBUM      = Bat Out Of Hell
	PERFORMER  = Meat Loaf
	DATE       = 1977
	DISKID     = 
	TRACKNUM   = 3
	TRACKCOUNT = 7
	DISKNUM    = 1
	DISKCOUNT  = 1


[ DISK 01 / TRACK 04]
	FILE       = Side 1.flac
	INDEX 00   = 00:00:00
	INDEX 01   = 19:39:00
	TITLE      = 1.4 All Revved Up With No Place To Go
	ALBUM      = Bat Out Of Hell
	PERFORMER  = Meat Loaf
	DATE       = 1977
	DISKID     = 
	TRACKNUM   = 4
	TRACKCOUNT = 7
	DISKNUM    = 1
	DISKCOUNT  = 1


[ DISK 02 / TRACK 01]
	FILE       = Side 2.flac
	INDEX 00   = 00:00:00
	INDEX 01   = 00:00:00
	TITLE      = 2.1 Two Out Of Three Ain't Bad
	ALBUM      = Bat Out Of Hell
	PERFORMER  = Meat Loaf
	DATE       = 1977
	DISKID     = 
	TRACKNUM   = 5
	TRACKCOUNT = 7
	DISKNUM    = 1
	DISKCOUNT  = 1


[ DISK 02 / TRACK 02]
	FILE       = Side 2.flac
	INDEX 00   = 00:00:00
	INDEX 01   = 05:24:00
	TITLE      = 2.2 Paradise By The Dashboard Light
	ALBUM      = Bat Out Of Hell
	PERFORMER  = Meat Loaf
	DATE       = 1977
	DISKID     = 
	TRACKNUM   = 6
	TRACKCOUNT = 7
	DISKNUM    = 1
	DISKCOUNT  = 1


[ DISK 02 / TRACK 03]
	FILE       = Side 2.flac
	INDEX 00   = 00:00:00
	INDEX 01   = 13:49:00
	TITLE      = 2.3 For Crying Out Loud
	ALBUM      = Bat Out Of Hell
	PERFORMER  = Meat Loaf
	DATE       = 1977
	DISKID     = 
	TRACKNUM   = 7
	TRACKCOUNT = 7
	DISKNUM    = 1
	DISKCOUNT  = 1
