DISK.01 TRACK.01 FILE: stonecold.flac
DISK.01 TRACK.01 INDEX 00: 00:00:00
DISK.01 TRACK.01 INDEX 01: 00:00:00
DISK.01 TRACK.01 TITLE: Stone Cold Crazy
DISK.01 TRACK.01 ALBUM: Tribute To Queen - Stone Cold Queen
DISK.01 TRACK.01 PERFORMER: Robin Zander
DISK.01 TRACK.01 DATE: 
DISK.01 TRACK.01 DISKID: 

DISK.01 TRACK.02 FILE: stonecold.flac
DISK.01 TRACK.02 INDEX 00: 00:00:00
DISK.01 TRACK.02 INDEX 01: 03:38:30
DISK.01 TRACK.02 TITLE: Play The Game
DISK.01 TRACK.02 ALBUM: Tribute To Queen - Stone Cold Queen
DISK.01 TRACK.02 PERFORMER: Mickey Thomas
DISK.01 TRACK.02 DATE: 
DISK.01 TRACK.02 DISKID: 

DISK.01 TRACK.03 FILE: stonecold.flac
DISK.01 TRACK.03 INDEX 00: 00:00:00
DISK.01 TRACK.03 INDEX 01: 08:35:35
DISK.01 TRACK.03 TITLE: Fat Bottomed Girls
DISK.01 TRACK.03 ALBUM: Tribute To Queen - Stone Cold Queen
DISK.01 TRACK.03 PERFORMER: Joe Lynn Turner
DISK.01 TRACK.03 DATE: 
DISK.01 TRACK.03 DISKID: 

DISK.01 TRACK.04 FILE: stonecold.flac
DISK.01 TRACK.04 INDEX 00: 00:00:00
DISK.01 TRACK.04 INDEX 01: 13:02:10
DISK.01 TRACK.04 TITLE: Somebody To Love
DISK.01 TRACK.04 ALBUM: Tribute To Queen - Stone Cold Queen
DISK.01 TRACK.04 PERFORMER: Geoff Tate
DISK.01 TRACK.04 DATE: 
DISK.01 TRACK.04 DISKID: 

DISK.01 TRACK.05 FILE: stonecold.flac
DISK.01 TRACK.05 INDEX 00: 00:00:00
DISK.01 TRACK.05 INDEX 01: 17:47:17
DISK.01 TRACK.05 TITLE: Crazy Little Thing Called Love
DISK.01 TRACK.05 ALBUM: Tribute To Queen - Stone Cold Queen
DISK.01 TRACK.05 PERFORMER: Gunnar & Mathew Nelson
DISK.01 TRACK.05 DATE: 
DISK.01 TRACK.05 DISKID: 

DISK.01 TRACK.06 FILE: stonecold.flac
DISK.01 TRACK.06 INDEX 00: 00:00:00
DISK.01 TRACK.06 INDEX 01: 20:55:62
DISK.01 TRACK.06 TITLE: Fight From Inside
DISK.01 TRACK.06 ALBUM: Tribute To Queen - Stone Cold Queen
DISK.01 TRACK.06 PERFORMER: Jack Blades
DISK.01 TRACK.06 DATE: 
DISK.01 TRACK.06 DISKID: 

DISK.01 TRACK.07 FILE: stonecold.flac
DISK.01 TRACK.07 INDEX 00: 00:00:00
DISK.01 TRACK.07 INDEX 01: 24:48:12
DISK.01 TRACK.07 TITLE: You're My Best Friend
DISK.01 TRACK.07 ALBUM: Tribute To Queen - Stone Cold Queen
DISK.01 TRACK.07 PERFORMER: Jason Scheff
DISK.01 TRACK.07 DATE: 
DISK.01 TRACK.07 DISKID: 

DISK.01 TRACK.08 FILE: stonecold.flac
DISK.01 TRACK.08 INDEX 00: 00:00:00
DISK.01 TRACK.08 INDEX 01: 27:57:45
DISK.01 TRACK.08 TITLE: I'm In Love With My Car
DISK.01 TRACK.08 ALBUM: Tribute To Queen - Stone Cold Queen
DISK.01 TRACK.08 PERFORMER: Kip Winger
DISK.01 TRACK.08 DATE: 
DISK.01 TRACK.08 DISKID: 

DISK.01 TRACK.09 FILE: stonecold.flac
DISK.01 TRACK.09 INDEX 00: 00:00:00
DISK.01 TRACK.09 INDEX 01: 31:42:05
DISK.01 TRACK.09 TITLE: Killer Queen
DISK.01 TRACK.09 ALBUM: Tribute To Queen - Stone Cold Queen
DISK.01 TRACK.09 PERFORMER: Glenn Hughes
DISK.01 TRACK.09 DATE: 
DISK.01 TRACK.09 DISKID: 

DISK.01 TRACK.10 FILE: stonecold.flac
DISK.01 TRACK.10 INDEX 00: 00:00:00
DISK.01 TRACK.10 INDEX 01: 35:12:15
DISK.01 TRACK.10 TITLE: Spread Your Wings
DISK.01 TRACK.10 ALBUM: Tribute To Queen - Stone Cold Queen
DISK.01 TRACK.10 PERFORMER: Tommy Shaw
DISK.01 TRACK.10 DATE: 
DISK.01 TRACK.10 DISKID: 

DISK.01 TRACK.11 FILE: stonecold.flac
DISK.01 TRACK.11 INDEX 00: 00:00:00
DISK.01 TRACK.11 INDEX 01: 39:58:10
DISK.01 TRACK.11 TITLE: We Will Rock You
DISK.01 TRACK.11 ALBUM: Tribute To Queen - Stone Cold Queen
DISK.01 TRACK.11 PERFORMER: Jack Russel
DISK.01 TRACK.11 DATE: 
DISK.01 TRACK.11 DISKID: 
