[ DISK 01 / TRACK 01 ]
    INDEX HI 00 = 00:00.000
    INDEX HI 01 = 00:00.320

[ DISK 01 / TRACK 02 ]
    INDEX HI 00 = 03:58.250
    INDEX HI 01 = 03:59.100

[ DISK 01 / TRACK 03 ]
    INDEX HI 00 = 08:15.020
    INDEX HI 01 = 08:15.220

[ DISK 01 / TRACK 04 ]
    INDEX HI 00 = 11:37.520
    INDEX HI 01 = 11:37.570

[ DISK 01 / TRACK 05 ]
    INDEX HI 00 = 14:57.170
    INDEX HI 01 = 14:57.780

[ DISK 01 / TRACK 06 ]
    INDEX HI 00 = 18:51.700
    INDEX HI 01 = 18:51.730

[ DISK 01 / TRACK 07 ]
    INDEX HI 00 = 22:49.670
    INDEX HI 01 = 22:52.000

[ DISK 01 / TRACK 08 ]
    INDEX HI 00 = 26:23.250
    INDEX HI 01 = 26:23.500

[ DISK 01 / TRACK 09 ]
    INDEX HI 00 = 30:39.270
    INDEX HI 01 = 30:40.620

[ DISK 01 / TRACK 10 ]
    INDEX HI 00 = 34:28.270
    INDEX HI 01 = 34:28.420

[ DISK 01 / TRACK 11 ]
    INDEX HI 00 = 37:00.670
    INDEX HI 01 = 37:01.720

[ DISK 01 / TRACK 12 ]
    INDEX HI 00 = 41:35.000
    INDEX HI 01 = 41:35.100
